src/pages/admin/AllOrders.tsx(28,10): error TS2305: Module '"../../hooks/useAuth"' has no exported member 'handleFirestoreError'.
src/pages/admin/AllUsers.tsx(29,10): error TS2305: Module '"../../hooks/useAuth"' has no exported member 'handleFirestoreError'.
src/pages/admin/ManageServices.tsx(29,10): error TS2305: Module '"../../hooks/useAuth"' has no exported member 'handleFirestoreError'.
